
scons: *** No SConstruct file found.
File "/usr/lib/scons/SCons/Script/Main.py", line 834, in _main
